// Jest Snapshot v1, https://goo.gl/fbAQLP

exports[`ExportProductService should get the product from the api, transform and write to a json file output.json 1`] = `undefined`;

exports[`ExportProductService should sort products by video_count by decending order 1`] = `
Array [
  Object {
    "name": "sampleProduct3",
    "video_count": 1,
  },
  Object {
    "name": "sampleProduct2",
    "video_count": 1,
  },
  Object {
    "name": "dummyProduct",
    "video_count": 0,
  },
  Object {
    "name": "sampleProduct",
    "video_count": 0,
  },
]
`;

exports[`ExportProductService should transform and then write in a json file 1`] = `undefined`;

exports[`ExportProductService should write in a json file 1`] = `undefined`;
